################################################################################
#                                                                              #
#      IAR Universal Linker V5.2.1.11                                          #
#                                                                              #
#           Link time     =  26/Jul/2017  09:01:47                             #
#           Target CPU    =  MSP430                                            #
#           List file     =  F:\work\01.Location\Location\Project\Project_5438 #
#                            _New\Debug\List\SwbPjc.map                        #
#           Output file 1 =  F:\work\01.Location\Location\Project\Project_5438 #
#                            _New\Debug\Exe\SwbPjc.txt                         #
#                            Format: msp430_txt                                #
#           Command line  =  F:\work\01.Location\Location\Project\Project_5438 #
#                            _New\Debug\Obj\BatteryDetect.r43                  #
#                            F:\work\01.Location\Location\Project\Project_5438 #
#                            _New\Debug\Obj\BeiDouModule.r43                   #
#                            F:\work\01.Location\Location\Project\Project_5438 #
#                            _New\Debug\Obj\CdmaModule.r43                     #
#                            F:\work\01.Location\Location\Project\Project_5438 #
#                            _New\Debug\Obj\Communication.r43                  #
#                            F:\work\01.Location\Location\Project\Project_5438 #
#                            _New\Debug\Obj\DebugCmd.r43                       #
#                            F:\work\01.Location\Location\Project\Project_5438 #
#                            _New\Debug\Obj\GpsParse.r43                       #
#                            F:\work\01.Location\Location\Project\Project_5438 #
#                            _New\Debug\Obj\I2c_Driver.r43                     #
#                            F:\work\01.Location\Location\Project\Project_5438 #
#                            _New\Debug\Obj\OS_MEM.r43                         #
#                            F:\work\01.Location\Location\Project\Project_5438 #
#                            _New\Debug\Obj\Record.r43                         #
#                            F:\work\01.Location\Location\Project\Project_5438 #
#                            _New\Debug\Obj\Rtc.r43                            #
#                            F:\work\01.Location\Location\Project\Project_5438 #
#                            _New\Debug\Obj\SoftTimer.r43                      #
#                            F:\work\01.Location\Location\Project\Project_5438 #
#                            _New\Debug\Obj\SystemCtl.r43                      #
#                            F:\work\01.Location\Location\Project\Project_5438 #
#                            _New\Debug\Obj\Timer.r43                          #
#                            F:\work\01.Location\Location\Project\Project_5438 #
#                            _New\Debug\Obj\Uart0.r43                          #
#                            F:\work\01.Location\Location\Project\Project_5438 #
#                            _New\Debug\Obj\Uart1.r43                          #
#                            F:\work\01.Location\Location\Project\Project_5438 #
#                            _New\Debug\Obj\Uart2.r43                          #
#                            F:\work\01.Location\Location\Project\Project_5438 #
#                            _New\Debug\Obj\Uart3.r43                          #
#                            F:\work\01.Location\Location\Project\Project_5438 #
#                            _New\Debug\Obj\main.r43                           #
#                            -o                                                #
#                            F:\work\01.Location\Location\Project\Project_5438 #
#                            _New\Debug\Exe\SwbPjc.txt                         #
#                            -Fmsp430_txt -l                                   #
#                            F:\work\01.Location\Location\Project\Project_5438 #
#                            _New\Debug\List\SwbPjc.map                        #
#                            -xms                                              #
#                            "-IC:\Program Files (x86)\IAR Systems\Embedded Wo #
#                            rkbench 6.0 Evaluation\430\LIB\"                  #
#                            -f                                                #
#                            "C:\Program Files (x86)\IAR Systems\Embedded Work #
#                            bench 6.0 Evaluation\430\CONFIG\lnk430F5438A.xcl" #
#                            (-cmsp430 -D?CPU30_OFFSET=2 -QCODE_I=CODE_ID      #
#                            -Z(DATA)DATA16_I,DATA16_Z,DATA16_N,DATA16_HEAP+_D #
#                            ATA16_HEAP_SIZE=1C00-5BFF                         #
#                            -Z(DATA)CODE_I                                    #
#                            -Z(DATA)DATA20_I,DATA20_Z,DATA20_N,DATA20_HEAP+_D #
#                            ATA20_HEAP_SIZE                                   #
#                            -Z(DATA)CSTACK+_STACK_SIZE#                       #
#                            -Z(CONST)INFO=1800-19FF                           #
#                            -Z(CONST)INFOA=1980-19FF                          #
#                            -Z(CONST)INFOB=1900-197F                          #
#                            -Z(CONST)INFOC=1880-18FF                          #
#                            -Z(CONST)INFOD=1800-187F                          #
#                            -Z(CODE)CSTART,ISR_CODE=5C00-FF7F                 #
#                            -Z(CONST)DATA16_C,DATA16_ID,DIFUNCT,CHECKSUM=5C00 #
#                            -FF7F                                             #
#                            -P(CODE)CODE=5C00-FF7F,10000-45BFF                #
#                            -Z(CODE)CODE_ID                                   #
#                            -Z(CONST)DATA20_C,DATA20_ID=5C00-FF7F,10000-45BFF #
#                            -Z(CODE)INTVEC=FF80-FFFF                          #
#                            -Z(CODE)RESET=FFFE-FFFF) -f                       #
#                            "C:\Program Files (x86)\IAR Systems\Embedded Work #
#                            bench 6.0 Evaluation\430\config\multiplier32_loc2 #
#                            .xcl"                                             #
#                            (-e?Mul8HwLoc2=?Mul8 -e?Mul16HwLoc2=?Mul16        #
#                            -e?Mul16to32uHwLoc2=?Mul16to32u                   #
#                            -e?Mul16to32sHwLoc2=?Mul16to32s                   #
#                            -e?Mul32Hw32Loc2=?Mul32                           #
#                            -e?Mul64Hw32Loc2=_Mul64i                          #
#                            -e?Mul32u32uto64iHw32Loc2=_Mul32u32uto64i         #
#                            -e?Mul32fHwLoc2=_Mul32f                           #
#                            -e_Mul64fHwPtrLoc2=_Mul64fPtr)                    #
#                            -D_STACK_SIZE=258                                 #
#                            "C:\Program Files (x86)\IAR Systems\Embedded Work #
#                            bench 6.0 Evaluation\430\LIB\DLIB\dl430xlfn.r43"  #
#                            -D_DATA16_HEAP_SIZE=258 -s __program_start        #
#                            -D_DATA20_HEAP_SIZE=A0                            #
#                                                                              #
#                           Copyright (C) 1987-2011 IAR Systems AB.            #
################################################################################





                ****************************************
                *                                      *
                *           CROSS REFERENCE            *
                *                                      *
                ****************************************

       Program entry at :           5C00  Relocatable, from module : ?cstart




                ****************************************
                *                                      *
                *            RUNTIME MODEL             *
                *                                      *
                ****************************************

  __Heap_Handler             = Basic
  __SystemLibrary            = DLib
  __core                     = 430X
  __data_model               = large
  __dlib_file_descriptor     = 0
  __dlib_full_locale_support = 0
  __double_size              = 32
  __pic                      = no
  __reg_r4                   = free
  __reg_r5                   = free
  __rt_version               = 3

                ****************************************
                *                                      *
                *    AUTOMATIC SYMBOL REDIRECTIONS     *
                *                                      *
                ****************************************

       All references to: _Printf
         were redirected to: _PrintfTiny



                ****************************************
                *                                      *
                *              MODULE MAP              *
                *                                      *
                ****************************************


  DEFINED ABSOLUTE ENTRIES
    *************************************************************************

  DEFINED ABSOLUTE ENTRIES
  PROGRAM MODULE, NAME : ?ABS_ENTRY_MOD

Absolute parts
           ENTRY                   ADDRESS         REF BY
           =====                   =======         ======
           _DATA20_HEAP_SIZE       00A0 
           _DATA16_HEAP_SIZE       0258 
           _STACK_SIZE             0258 
           ?CPU30_OFFSET           0002 
    *************************************************************************

  FILE NAME : F:\work\01.Location\Location\Project\Project_5438_New\Debug\Obj\BatteryDetect.r43
  PROGRAM MODULE, NAME : BatteryDetect

  SEGMENTS IN THE MODULE
  ======================
DATA16_AN
  Relative segment, address: 0700 - 0701 (0x2 bytes), align: 0
  Segment part 1. ROOT.       Intra module refs:   ADC_ISR
                                                   AdcDetect
                                                   Adc_Init
                                                   BatteryDetect
                                                   EnterLowPower (SystemCtl)
           ENTRY                   ADDRESS         REF BY
           =====                   =======         ======
           _A_ADC12CTL0_L          0700 
           LOCAL                   ADDRESS         
           =====                   =======         
           ADC12CTL0               0700 
           ADC12CTL0_H             0701 
           ADC12CTL0_L             0700 
    -------------------------------------------------------------------------
DATA16_AN
  Relative segment, address: 0702 - 0703 (0x2 bytes), align: 0
  Segment part 2. ROOT.       Intra module refs:   Adc_Init
           ENTRY                   ADDRESS         REF BY
           =====                   =======         ======
           _A_ADC12CTL1_L          0702 
           LOCAL                   ADDRESS         
           =====                   =======         
           ADC12CTL1               0702 
           ADC12CTL1_H             0703 
           ADC12CTL1_L             0702 
    -------------------------------------------------------------------------
DATA16_AN
  Relative segment, address: 070C - 070D (0x2 bytes), align: 0
  Segment part 3. ROOT.       Intra module refs:   Adc_Init
           ENTRY                   ADDRESS         REF BY
           =====                   =======         ======
           _A_ADC12IE_L            070C 
           LOCAL                   ADDRESS         
           =====                   =======         
           ADC12IE                 070C 
           ADC12IE_H               070D 
           ADC12IE_L               070C 
    -------------------------------------------------------------------------
DATA16_AN
  Relative segment, address: 0720 - 0721 (0x2 bytes), align: 0
  Segment part 4. ROOT.       Intra module refs:   ADC_ISR
           ENTRY                   ADDRESS         REF BY
           =====                   =======         ======
           _A_ADC12MEM0_L          0720 
           LOCAL                   ADDRESS         
           =====                   =======         
           ADC12MEM0               0720 
           ADC12MEM0_H             0721 
           ADC12MEM0_L             0720 
    -------------------------------------------------------------------------
DATA16_AN
  Relative segment, address: 0710 - 0710 (0x1 bytes), align: 0
  Segment part 5. ROOT.       Intra module refs:   Adc_Init
           ENTRY                   ADDRESS         REF BY
           =====                   =======         ======
           ADC12MCTL0              0710 
    -------------------------------------------------------------------------
DATA16_AN
  Relative segment, address: 0242 - 0243 (0x2 bytes), align: 0
  Segment part 6. ROOT.       Intra module refs:   Adc_Init
                                                   BatteryDetect
                                                   FlashLedDisable (SystemCtl)
                                                   FlashLedEnable (SystemCtl)
                                                   LpEnterCfg (SystemCtl)
                                                   ReservedPinCfg (SystemCtl)
                                                   SystemInit (SystemCtl)
           ENTRY                   ADDRESS         REF BY
           =====                   =======         ======
           _A_PCOUT_L              0242 
           LOCAL                   ADDRESS         
           =====                   =======         
           PCOUT                   0242 
           PCOUT_H                 0243 
           PCOUT_L                 0242 
    -------------------------------------------------------------------------
DATA16_AN
  Relative segment, address: 0244 - 0245 (0x2 bytes), align: 0
  Segment part 7. ROOT.       Intra module refs:   Adc_Init
                                                   LpEnterCfg (SystemCtl)
                                                   LpExitCfg (SystemCtl)
                                                   ReservedPinCfg (SystemCtl)
                                                   SystemInit (SystemCtl)
                                                   Uart1Init (Uart1)
           ENTRY                   ADDRESS         REF BY
           =====                   =======         ======
           _A_PCDIR_L              0244 
           LOCAL                   ADDRESS         
           =====                   =======         
           PCDIR                   0244 
           PCDIR_H                 0245 
           PCDIR_L                 0244 
    -------------------------------------------------------------------------
DATA16_AN
  Relative segment, address: 024A - 024B (0x2 bytes), align: 0
  Segment part 8. ROOT.       Intra module refs:   Adc_Init
                                                   LpEnterCfg (SystemCtl)
                                                   LpExitCfg (SystemCtl)
                                                   Uart1Init (Uart1)
           ENTRY                   ADDRESS         REF BY
           =====                   =======         ======
           _A_PCSEL_L              024A 
           LOCAL                   ADDRESS         
           =====                   =======         
           PCSEL                   024A 
           PCSEL_H                 024B 
           PCSEL_L                 024A 
    -------------------------------------------------------------------------
DATA20_Z
  Relative segment, address: 1C1E - 1C3D (0x20 bytes), align: 1
  Segment part 15.            Intra module refs:   ADC_ISR
                                                   AdcDetect
                                                   BatteryDetect
           ENTRY                   ADDRESS         REF BY
           =====                   =======         ======
           au16AdcBuffer           1C1E 
    -------------------------------------------------------------------------
DATA20_Z
  Relative segment, address: 1C3E - 1C3F (0x2 bytes), align: 1
  Segment part 16.            Intra module refs:   ADC_ISR
                                                   AdcDetect
                                                   BatteryDetect
           ENTRY                   ADDRESS         REF BY
           =====                   =======         ======
           u16AdcResules           1C3E 
    -------------------------------------------------------------------------
DATA20_Z
  Relative segment, address: 1EDC - 1EDC (0x1 bytes), align: 0
  Segment part 17.            Intra module refs:   ADC_ISR
                                                   AdcDetect
                                                   BatteryDetect
           ENTRY                   ADDRESS         REF BY
           =====                   =======         ======
           bComplete               1EDC 
    -------------------------------------------------------------------------
DATA20_Z
  Relative segment, address: 1EDD - 1EDD (0x1 bytes), align: 0
  Segment part 18.            Intra module refs:   Adc_Init
                                                   BatteryDetect
           ENTRY                   ADDRESS         REF BY
           =====                   =======         ======
           s8BatDog                1EDD 
    -------------------------------------------------------------------------
<CODE> 1 (was CODE)
  Relative segment, address: BC12 - BC63 (0x52 bytes), align: 1
  Segment part 23.
           ENTRY                   ADDRESS         REF BY
           =====                   =======         ======
           Adc_Init                BC12            main (main)
               calls direct
               CSTACK = 00000000 ( 00000004 )
    -------------------------------------------------------------------------
<CODE> 1 (was CODE)
  Relative segment, address: 97FE - 98E5 (0xe8 bytes), align: 1
  Segment part 22.
           ENTRY                   ADDRESS         REF BY
           =====                   =======         ======
           BatteryDetect           97FE            main (main)
               calls direct
               CSTACK = 00000000 ( 00000014 )
    -------------------------------------------------------------------------
<CODE> 1 (was CODE)
  Relative segment, address: 8A2E - 8B65 (0x138 bytes), align: 1
  Segment part 21.
           ENTRY                   ADDRESS         REF BY
           =====                   =======         ======
           AdcDetect               8A2E            GetBatteryRemainPower (DebugCmd)
               calls direct
               CSTACK = 00000000 ( 0000000E )
    -------------------------------------------------------------------------
ISR_CODE
  Relative segment, address: 5C30 - 5C6F (0x40 bytes), align: 1
  Segment part 20.            Intra module refs:   ADC_ISR::??INTVEC 110
           ENTRY                   ADDRESS         REF BY
           =====                   =======         ======
           ADC_ISR                 5C30 
               interrupt function
               CSTACK = 00000000 ( 0000000C )
    -------------------------------------------------------------------------
DATA20_Z
  Relative segment, address: 1EDE - 1EDE (0x1 bytes), align: 0
  Segment part 19.            Intra module refs:   ADC_ISR
           LOCAL                   ADDRESS         
           =====                   =======         
           ADC_ISR::u8Index        1EDE 
    -------------------------------------------------------------------------
INTVEC
  Common segment, address: FF80 - FFEF (0x70 bytes), align: 1
  Segment part 9. ROOT.
           ENTRY                   ADDRESS         REF BY
           =====                   =======         ======
           ADC_ISR::??INTVEC 110   FFEE 
    -------------------------------------------------------------------------
DATA20_C
  Relative segment, address: CF2C - CF38 (0xd bytes), align: 0
  Segment part 11.            Intra module refs:   Adc_Init
    -------------------------------------------------------------------------
DATA20_C
  Relative segment, address: CF39 - CF5B (0x23 bytes), align: 0
  Segment part 12.            Intra module refs:   AdcDetect
    -------------------------------------------------------------------------
DATA20_C
  Relative segment, address: CF5C - CF61 (0x6 bytes), align: 0
  Segment part 13.            Intra module refs:   AdcDetect
    -------------------------------------------------------------------------
DATA20_C
  Relative segment, address: CF62 - CF94 (0x33 bytes), align: 0
  Segment part 14.            Intra module refs:   AdcDetect

    *************************************************************************

  FILE NAME : F:\work\01.Location\Location\Project\Project_5438_New\Debug\Obj\BeiDouModule.r43
  PROGRAM MODULE, NAME : BeiDouModule

  SEGMENTS IN THE MODULE
  ======================
DATA16_AN
  Relative segment, address: 0202 - 0203 (0x2 bytes), align: 0
  Segment part 1. ROOT.       Intra module refs:   BdModuleInit
                                                   BeiDouToCdma (CdmaModule)
                                                   CdmaRestInit (CdmaModule)
                                                   CdmaToBeiDou (CdmaModule)
                                                   EnterLowPower (SystemCtl)
                                                   LpEnterCfg (SystemCtl)
                                                   ReservedPinCfg (SystemCtl)
                                                   SendInfoToCenter (Communication)
                                                   SystemIdleRun (SystemCtl)
                                                   SystemInit (SystemCtl)
           ENTRY                   ADDRESS         REF BY
           =====                   =======         ======
           _A_PAOUT_L              0202 
           LOCAL                   ADDRESS         
           =====                   =======         
           PAOUT                   0202 
           PAOUT_H                 0203 
           PAOUT_L                 0202 
    -------------------------------------------------------------------------
DATA20_Z
  Relative segment, address: 1EDF - 1EEE (0x10 bytes), align: 0
  Segment part 26.            Intra module refs:   CmdParseFKXX
           ENTRY                   ADDRESS         REF BY
           =====                   =======         ======
           sCmdFkxxCb              1EDF 
    -------------------------------------------------------------------------
DATA20_Z
  Relative segment, address: 1C40 - 1C4D (0xe bytes), align: 1
  Segment part 27.            Intra module refs:   BdCmdAssemble
                                                   BdCmdRun
                                                   BdModuleInit
                                                   CmdParseFKXX
                                                   CmdParseTXXX
           ENTRY                   ADDRESS         REF BY
           =====                   =======         ======
           sBdCmdCb                1C40 
    -------------------------------------------------------------------------
DATA20_I
  Relative segment, address: 1C10 - 1C1B (0xc bytes), align: 0
  Segment part 28.            Intra module refs:   BdSendCmdICJC
           ENTRY                   ADDRESS         REF BY
           =====                   =======         ======
           au8Icjc                 1C10 
    -------------------------------------------------------------------------
DATA20_Z
  Relative segment, address: 1EEF - 1EF1 (0x3 bytes), align: 0
  Segment part 30.            Intra module refs:   BdModuleInit
                                                   BdSendCmdICJC
                                                   BdSendCmdTXSQ
                                                   GetBeiDouIcNum
           ENTRY                   ADDRESS         REF BY
           =====                   =======         ======
           au8LocationAddr         1EEF 
    -------------------------------------------------------------------------
<CODE> 1 (was CODE)
  Relative segment, address: 920C - 9313 (0x108 bytes), align: 1
  Segment part 43.
           ENTRY                   ADDRESS         REF BY
           =====                   =======         ======
           BdSendCmdTXSQ           920C            CmdBeiDouSendMsg (DebugCmd)
                                                   SendInfoToCenter (Communication)
               calls direct
               CSTACK = 00000000 ( 0000001C )
    -------------------------------------------------------------------------
<CODE> 1 (was CODE)
  Relative segment, address: A388 - A43B (0xb4 bytes), align: 1
  Segment part 37.            Intra module refs:   BdModuleInit
           ENTRY                   ADDRESS         REF BY
           =====                   =======         ======
           BdSendCmdICJC           A388            SendInfoToCenter (Communication)
               calls direct
               CSTACK = 00000000 ( 00000014 )
    -------------------------------------------------------------------------
<CODE> 1 (was CODE)
  Relative segment, address: CE74 - CE81 (0xe bytes), align: 1
  Segment part 42.
           ENTRY                   ADDRESS         REF BY
           =====                   =======         ======
           GetBeiDouIcNum          CE74            CmdBeiDouLocNumGet (DebugCmd)
                                                   CmdBeiDouSendMsg (DebugCmd)
               calls direct
               CSTACK = 00000000 ( 00000004 )
    -------------------------------------------------------------------------
<CODE> 1 (was CODE)
  Relative segment, address: CB72 - CB8B (0x1a bytes), align: 1
  Segment part 41.
           ENTRY                   ADDRESS         REF BY
           =====                   =======         ======
           GetBeiDouSendNum        CB72            CmdBeiDouRecNumGet (DebugCmd)
               CSTACK = 00000000 ( 00000004 )
    -------------------------------------------------------------------------
<CODE> 1 (was CODE)
  Relative segment, address: CB8C - CBA5 (0x1a bytes), align: 1
  Segment part 40.
           ENTRY                   ADDRESS         REF BY
           =====                   =======         ======
           GetBeiDouBckSendNum     CB8C            CmdBeiDouBckRecNumGet (DebugCmd)
               CSTACK = 00000000 ( 00000004 )
    -------------------------------------------------------------------------
<CODE> 1 (was CODE)
  Relative segment, address: A78E - A831 (0xa4 bytes), align: 1
  Segment part 33.            Intra module refs:   BdCmdParse
           ENTRY                   ADDRESS         REF BY
           =====                   =======         ======
           CmdParseTXXX            A78E 
               calls direct
               CSTACK = 00000000 ( 00000014 )
    -------------------------------------------------------------------------
<CODE> 1 (was CODE)
  Relative segment, address: B584 - B5F7 (0x74 bytes), align: 1
  Segment part 32.            Intra module refs:   BdCmdParse
           ENTRY                   ADDRESS         REF BY
           =====                   =======         ======
           CmdParseFKXX            B584 
               calls direct
               CSTACK = 00000000 ( 00000004 )
    -------------------------------------------------------------------------
<CODE> 1 (was CODE)
  Relative segment, address: B510 - B583 (0x74 bytes), align: 1
  Segment part 34.            Intra module refs:   BdCmdRun
           ENTRY                   ADDRESS         REF BY
           =====                   =======         ======
           BdCmdParse              B510 
               calls direct
               CSTACK = 00000000 ( 00000008 )
    -------------------------------------------------------------------------
<CODE> 1 (was CODE)
  Relative segment, address: 90FE - 920B (0x10e bytes), align: 1
  Segment part 35.            Intra module refs:   BdCmdRun
           ENTRY                   ADDRESS         REF BY
           =====                   =======         ======
           BdCmdAssemble           90FE 
               CSTACK = 00000000 ( 00000004 )
    -------------------------------------------------------------------------
<CODE> 1 (was CODE)
  Relative segment, address: B81A - B87D (0x64 bytes), align: 1
  Segment part 38.
           ENTRY                   ADDRESS         REF BY
           =====                   =======         ======
           BdModuleInit            B81A            main (main)
               calls direct
               CSTACK = 00000000 ( 00000004 )
    -------------------------------------------------------------------------
<CODE> 1 (was CODE)
  Relative segment, address: 9E20 - 9EEF (0xd0 bytes), align: 1
  Segment part 31.            Intra module refs:   BdCmdRun
           ENTRY                   ADDRESS         REF BY
           =====                   =======         ======
           GetBufBdInfo            9E20 
               calls direct
               CSTACK = 00000000 ( 00000014 )
    -------------------------------------------------------------------------
<CODE> 1 (was CODE)
  Relative segment, address: 9C6E - 9D47 (0xda bytes), align: 1
  Segment part 36.
           ENTRY                   ADDRESS         REF BY
           =====                   =======         ======
           BdCmdRun                9C6E            main (main)
               calls direct
               CSTACK = 00000000 ( 0000000A )
    -------------------------------------------------------------------------
DATA20_ID
  Relative segment, address: E740 - E74B (0xc bytes), align: 0
  Segment part 29.            Intra module refs:   au8Icjc
    -------------------------------------------------------------------------
DATA20_C
  Relative segment, address: CF95 - CF9A (0x6 bytes), align: 0
  Segment part 3.             Intra module refs:   BdSendCmdTXSQ
    -------------------------------------------------------------------------
DATA20_C
  Relative segment, address: CF9B - CFB7 (0x1d bytes), align: 0
  Segment part 4.             Intra module refs:   CmdParseTXXX
                                                   GetBufBdInfo
    -------------------------------------------------------------------------
DATA20_C
  Relative segment, address: CFB8 - CFBB (0x4 bytes), align: 0
  Segment part 5.             Intra module refs:   CmdParseTXXX
                                                   GetBufBdInfo
    -------------------------------------------------------------------------
DATA20_C
  Relative segment, address: CFBC - CFDF (0x24 bytes), align: 0
  Segment part 6.             Intra module refs:   CmdParseFKXX
    -------------------------------------------------------------------------
DATA20_C
  Relative segment, address: CFE0 - CFFF (0x20 bytes), align: 0
  Segment part 7.             Intra module refs:   CmdParseFKXX
    -------------------------------------------------------------------------
DATA20_C
  Relative segment, address: D000 - D01E (0x1f bytes), align: 0
  Segment part 8.             Intra module refs:   CmdParseFKXX
    -------------------------------------------------------------------------
DATA20_C
  Relative segment, address: D01F - D039 (0x1b bytes), align: 0
  Segment part 9.             Intra module refs:   CmdParseFKXX
    -------------------------------------------------------------------------
DATA20_C
  Relative segment, address: D03A - D062 (0x29 bytes), align: 0
  Segment part 10.            Intra module refs:   CmdParseFKXX
    -------------------------------------------------------------------------
DATA20_C
  Relative segment, address: D063 - D091 (0x2f bytes), align: 0
  Segment part 11.            Intra module refs:   CmdParseFKXX
    -------------------------------------------------------------------------
DATA20_C
  Relative segment, address: D092 - D0B0 (0x1f bytes), align: 0
  Segment part 12.            Intra module refs:   CmdParseFKXX
    -------------------------------------------------------------------------
DATA20_C
  Relative segment, address: D0B1 - D0B6 (0x6 bytes), align: 0
  Segment part 13.            Intra module refs:   BdCmdParse
    -------------------------------------------------------------------------
DATA20_C
  Relative segment, address: D0B7 - D0BC (0x6 bytes), align: 0
  Segment part 14.            Intra module refs:   BdCmdParse
    -------------------------------------------------------------------------
DATA20_C
  Relative segment, address: D0BD - D0C2 (0x6 bytes), align: 0
  Segment part 15.            Intra module refs:   BdCmdParse
    -------------------------------------------------------------------------
DATA20_C
  Relative segment, address: D0C3 - D0C8 (0x6 bytes), align: 0
  Segment part 16.            Intra module refs:   BdCmdParse
    -------------------------------------------------------------------------
DATA20_C
  Relative segment, address: D0C9 - D0CE (0x6 bytes), align: 0
  Segment part 17.            Intra module refs:   BdCmdParse
    -------------------------------------------------------------------------
DATA20_C
  Relative segment, address: D0CF - D0DA (0xc bytes), align: 0
  Segment part 18.            Intra module refs:   BdModuleInit

    *************************************************************************

  FILE NAME : F:\work\01.Location\Location\Project\Project_5438_New\Debug\Obj\CdmaModule.r43
  PROGRAM MODULE, NAME : CdmaModule

  SEGMENTS IN THE MODULE
  ======================
DATA16_AN
  Relative segment, address: 0204 - 0205 (0x2 bytes), align: 0
  Segment part 2. ROOT.       Intra module refs:   CdmaRestInit
                                                   LpEnterCfg (SystemCtl)
                                                   ReservedPinCfg (SystemCtl)
                                                   RtcInit (Rtc)
                                                   SystemInit (SystemCtl)
           ENTRY                   ADDRESS         REF BY
           =====                   =======         ======
           _A_PADIR_L              0204 
           LOCAL                   ADDRESS         
           =====                   =======         
           PADIR                   0204 
           PADIR_H                 0205 
           PADIR_L                 0204 
    -------------------------------------------------------------------------
DATA16_AN
  Relative segment, address: 0222 - 0223 (0x2 bytes), align: 0
  Segment part 3. ROOT.       Intra module refs:   CdmaRestInit
                                                   CdmaToBeiDou
                                                   EnterLowPower (SystemCtl)
                                                   LpEnterCfg (SystemCtl)
                                                   ReservedPinCfg (SystemCtl)
                                                   SystemIdleRun (SystemCtl)
                                                   SystemInit (SystemCtl)
                                                   main (main)
           ENTRY                   ADDRESS         REF BY
           =====                   =======         ======
           _A_PBOUT_L              0222 
           LOCAL                   ADDRESS         
           =====                   =======         
           PBOUT                   0222 
           PBOUT_H                 0223 
           PBOUT_L                 0222 
    -------------------------------------------------------------------------
DATA16_AN
  Relative segment, address: 0224 - 0225 (0x2 bytes), align: 0
  Segment part 4. ROOT.       Intra module refs:   CdmaRestInit
                                                   CdmaToBeiDou
                                                   LpEnterCfg (SystemCtl)
                                                   LpExitCfg (SystemCtl)
                                                   ReservedPinCfg (SystemCtl)
                                                   SystemInit (SystemCtl)
                                                   Uart0Init (Uart0)
                                                   main (main)
           ENTRY                   ADDRESS         REF BY
           =====                   =======         ======
           _A_PBDIR_L              0224 
           LOCAL                   ADDRESS         
           =====                   =======         
           PBDIR                   0224 
           PBDIR_H                 0225 
           PBDIR_L                 0224 
    -------------------------------------------------------------------------
DATA16_AN
  Relative segment, address: 015C - 015D (0x2 bytes), align: 0
  Segment part 5. ROOT.       Intra module refs:   BeiDouToCdma
                                                   CdmaDeletMsg (DebugCmd)
                                                   CmdBeiDouBckRecNumSet (DebugCmd)
                                                   CmdBeiDouRecNumSet (DebugCmd)
                                                   CmdCdmaInfoTest (DebugCmd)
                                                   CmdGetCdmaLocationNbr (DebugCmd)
                                                   CmdSetCdmaLocationNbr (DebugCmd)
                                                   CmdSetCdmaReceivingNbr (DebugCmd)
                                                   EnterLowPower (SystemCtl)
                                                   FlashLedDisable (SystemCtl)
                                                   FlashLedEnable (SystemCtl)
                                                   GetCdmaCSQ
                                                   GetLocationNbr
                                                   SetLocationNbr
                                                   SetSendInfoGapTime (DebugCmd)
                                                   SetSystemType (DebugCmd)
                                                   main (main)
           ENTRY                   ADDRESS         REF BY
           =====                   =======         ======
           _A_WDTCTL_L             015C 
           LOCAL                   ADDRESS         
           =====                   =======         
           WDTCTL                  015C 
           WDTCTL_H                015D 
           WDTCTL_L                015C 
    -------------------------------------------------------------------------
DATA20_Z
  Relative segment, address: 1C4E - 1C59 (0xc bytes), align: 1
  Segment part 24.            Intra module refs:   CdmaCmdAssemble
                                                   CdmaCmdHandler
                                                   CdmaCmdInit
                                                   CdmaCmdRun
                                                   CdmaMsgParse
                                                   CdmaRestInit
                                                   CmdCmglParse
                                                   GetCdmaCsqValue
                                                   RegisteUnReadMsg
           ENTRY                   ADDRESS         REF BY
           =====                   =======         ======
           sCdmaCmdCb              1C4E 
    -------------------------------------------------------------------------
DATA20_Z
  Relative segment, address: 1EF2 - 1F0F (0x1e bytes), align: 0
  Segment part 25.            Intra module refs:   CdmaCmdInit
                                                   CmdCmglParse
                                                   GetUnReadMsg
                                                   RegisteUnReadMsg
           ENTRY                   ADDRESS         REF BY
           =====                   =======         ======
           au8MsgUnRead            1EF2 
    -------------------------------------------------------------------------
DATA20_Z
  Relative segment, address: 1F10 - 1F10 (0x1 bytes), align: 0
  Segment part 26.            Intra module refs:   CdmaCmdInit
           ENTRY                   ADDRESS         REF BY
           =====                   =======         ======
           bMsgReady               1F10 
    -------------------------------------------------------------------------
DATA20_I
  Relative segment, address: 1C1C - 1C1C (0x1 bytes), align: 0
  Segment part 27.            Intra module refs:   CdmaCmdHandler
                                                   SendReadMsgCmd
           ENTRY                   ADDRESS         REF BY
           =====                   =======         ======
           s8CurrentIndex          1C1C 
    -------------------------------------------------------------------------
DATA20_C
  Relative segment, address: D0DB - D0E3 (0x9 bytes), align: 0
  Segment part 7.             Intra module refs:   SetLocationNbr
    -------------------------------------------------------------------------
DATA20_C
  Relative segment, address: D0E4 - D0ED (0xa bytes), align: 0
  Segment part 8.             Intra module refs:   GetLocationNbr
    -------------------------------------------------------------------------
DATA20_C
  Relative segment, address: D0EE - D0F7 (0xa bytes), align: 0
  Segment part 12.            Intra module refs:   CdmaCmdInit
    -------------------------------------------------------------------------
DATA20_C
  Relative segment, address: D0F8 - D100 (0x9 bytes), align: 0
  Segment part 13.            Intra module refs:   CdmaCmdInit
    -------------------------------------------------------------------------
DATA20_C
  Relative segment, address: D101 - D107 (0x7 bytes), align: 0
  Segment part 14.            Intra module refs:   CdmaMsgParse
    -------------------------------------------------------------------------
DATA20_C
  Relative segment, address: D108 - D10F (0x8 bytes), align: 0
  Segment part 15.            Intra module refs:   CdmaMsgParse
    -------------------------------------------------------------------------
DATA20_C
  Relative segment, address: D110 - D12D (0x1e bytes), align: 0
  Segment part 16.            Intra module refs:   CdmaCmdHandler
    -------------------------------------------------------------------------
DATA20_C
  Relative segment, address: D12E - D14D (0x20 bytes), align: 0
  Segment part 17.            Intra module refs:   CdmaCmdHandler
    -------------------------------------------------------------------------
DATA20_C
  Relative segment, address: D14E - D16D (0x20 bytes), align: 0
  Segment part 18.            Intra module refs:   CdmaCmdHandler
    -------------------------------------------------------------------------
DATA20_C
  Relative segment, address: D16E - D18C (0x1f bytes), align: 0
  Segment part 19.            Intra module refs:   CdmaCmdHandler
    -------------------------------------------------------------------------
DATA20_C
  Relative segment, address: D18D - D1AC (0x20 bytes), align: 0
  Segment part 20.            Intra module refs:   CdmaCmdHandler
    -------------------------------------------------------------------------
DATA20_C
  Relative segment, address: D1AD - D1BF (0x13 bytes), align: 0
  Segment part 21.            Intra module refs:   CdmaCmdHandler
    -------------------------------------------------------------------------
DATA20_C
  Relative segment, address: D1C0 - D1DE (0x1f bytes), align: 0
  Segment part 22.            Intra module refs:   CdmaCmdHandler
    -------------------------------------------------------------------------
DATA20_C
  Relative segment, address: D1DF - D1FD (0x1f bytes), align: 0
  Segment part 23.            Intra module refs:   CdmaCmdHandler
    -------------------------------------------------------------------------
DATA20_C
  Relative segment, address: D1FE - D205 (0x8 bytes), align: 0
  Segment part 41.            Intra module refs:   CdmaCmdRun
                                                   GetCdmaCSQ
           ENTRY                   ADDRESS         REF BY
           =====                   =======         ======
           au8CSQ                  D1FE 
    -------------------------------------------------------------------------
DATA20_C
  Relative segment, address: D206 - D20F (0xa bytes), align: 0
  Segment part 42.            Intra module refs:   GetCdmaTime
           ENTRY                   ADDRESS         REF BY
           =====                   =======         ======
           au8CCLK                 D206 
    -------------------------------------------------------------------------
DATA20_C
  Relative segment, address: D210 - D21A (0xb bytes), align: 0
  Segment part 43.            Intra module refs:   CdmaRestInit
           ENTRY                   ADDRESS         REF BY
           =====                   =======         ======
           au8CMGF                 D210 
    -------------------------------------------------------------------------
DATA20_C
  Relative segment, address: D21B - D223 (0x9 bytes), align: 0
  Segment part 44.            Intra module refs:   SendReadMsgCmd
           ENTRY                   ADDRESS         REF BY
           =====                   =======         ======
           au8CMGR                 D21B 
    -------------------------------------------------------------------------
DATA20_C
  Relative segment, address: D224 - D231 (0xe bytes), align: 0
  Segment part 49.            Intra module refs:   CdmaRestInit
           ENTRY                   ADDRESS         REF BY
           =====                   =======         ======
           au8ZMSGL_ASCII          D224 
    -------------------------------------------------------------------------
DATA20_C
  Relative segment, address: D232 - D23A (0x9 bytes), align: 0
  Segment part 51.            Intra module refs:   DeletCdmaMsg
           ENTRY                   ADDRESS         REF BY
           =====                   =======         ======
           au8CMGD                 D232 
    -------------------------------------------------------------------------
<CODE> 1 (was CODE)
  Relative segment, address: CEE0 - CEE7 (0x8 bytes), align: 1
  Segment part 55.            Intra module refs:   AssembleCdmaMsg
                                                   CdmaCmdRun
                                                   CdmaRestInit
                                                   DeletCdmaMsg
                                                   GetCdmaCSQ
                                                   GetCdmaTime
                                                   GetLocationNbr
                                                   SendReadMsgCmd
                                                   SetLocationNbr
           ENTRY                   ADDRESS         REF BY
           =====                   =======         ======
           CdmaSendMsg             CEE0 
               calls direct
               CSTACK = 00000000 ( 00000004 )
    -------------------------------------------------------------------------
DATA20_C
  Relative segment, address: D23B - D242 (0x8 bytes), align: 0
  Segment part 53.            Intra module refs:   AssembleCdmaMsg
           ENTRY                   ADDRESS         REF BY
           =====                   =======         ======
           au8CMGS                 D23B 
    -------------------------------------------------------------------------
<CODE> 1 (was CODE)
  Relative segment, address: A4EE - A59B (0xae bytes), align: 1
  Segment part 81.
           ENTRY                   ADDRESS         REF BY
           =====                   =======         ======
           AssembleCdmaMsg         A4EE            CmdCdmaInfoTest (DebugCmd)
                                                   SendInfoToCenter (Communication)
               calls direct
               CSTACK = 00000000 ( 0000001C )
    -------------------------------------------------------------------------
<CODE> 1 (was CODE)
  Relative segment, address: C8CC - C8EF (0x24 bytes), align: 1
  Segment part 62.            Intra module refs:   CdmaCmdHandler
                                                   GetCdmaCSQ
           ENTRY                   ADDRESS         REF BY
           =====                   =======         ======
           CdmaToBeiDou            C8CC            UseAutoMode (DebugCmd)
                                                   UseBeiDouMode (DebugCmd)
               CSTACK = 00000000 ( 00000004 )
    -------------------------------------------------------------------------
<CODE> 1 (was CODE)
  Relative segment, address: C710 - C739 (0x2a bytes), align: 1
  Segment part 80.
           ENTRY                   ADDRESS         REF BY
           =====                   =======         ======
           BeiDouToCdma            C710            UseCdmaMode (DebugCmd)
               calls direct
               CSTACK = 00000000 ( 00000004 )
    -------------------------------------------------------------------------
<CODE> 1 (was CODE)
  Relative segment, address: 9FBA - A083 (0xca bytes), align: 1
  Segment part 59.            Intra module refs:   CdmaCmdHandler
           ENTRY                   ADDRESS         REF BY
           =====                   =======         ======
           DeletCdmaMsg            9FBA            CdmaDeletMsg (DebugCmd)
               calls direct
               CSTACK = 00000000 ( 0000002C )
    -------------------------------------------------------------------------
<CODE> 1 (was CODE)
  Relative segment, address: 98E6 - 99CD (0xe8 bytes), align: 1
  Segment part 78.            Intra module refs:   BeiDouToCdma
                                                   CdmaInit
           ENTRY                   ADDRESS         REF BY
           =====                   =======         ======
           CdmaRestInit            98E6            EnterLowPower (SystemCtl)
               calls direct
               CSTACK = 00000000 ( 00000004 )
    -------------------------------------------------------------------------
<CODE> 1 (was CODE)
  Relative segment, address: CEA6 - CEB1 (0xc bytes), align: 1
  Segment part 79.
           ENTRY                   ADDRESS         REF BY
           =====                   =======         ======
           CdmaInit                CEA6            main (main)
               calls direct
               CSTACK = 00000000 ( 00000004 )
    -------------------------------------------------------------------------
<CODE> 1 (was CODE)
  Relative segment, address: A210 - A2CF (0xc0 bytes), align: 1
  Segment part 77.
           ENTRY                   ADDRESS         REF BY
           =====                   =======         ======
           SetLocationNbr          A210            CmdSetCdmaLocationNbr (DebugCmd)
               calls direct
               CSTACK = 00000000 ( 0000002C )
    -------------------------------------------------------------------------
<CODE> 1 (was CODE)
  Relative segment, address: 9EF0 - 9FB9 (0xca bytes), align: 1
  Segment part 76.
           ENTRY                   ADDRESS         REF BY
           =====                   =======         ======
           GetLocationNbr          9EF0            CmdGetCdmaLocationNbr (DebugCmd)
               calls direct
               CSTACK = 00000000 ( 00000054 )
    -------------------------------------------------------------------------
<CODE> 1 (was CODE)
  Relative segment, address: 9314 - 9415 (0x102 bytes), align: 1
  Segment part 69.
           ENTRY                   ADDRESS         REF BY
           =====                   =======         ======
           GetCdmaCSQ              9314            CmdGetCdmaCSQ (DebugCmd)
                                                   UseAutoMode (DebugCmd)
               calls direct
               CSTACK = 00000000 ( 00000014 )
    -------------------------------------------------------------------------
<CODE> 1 (was CODE)
  Relative segment, address: 99CE - 9AAF (0xe2 bytes), align: 1
  Segment part 73.            Intra module refs:   SetCdmaTimeToRtc
           ENTRY                   ADDRESS         REF BY
           =====                   =======         ======
           GetCdmaTime             99CE            CmdGetCdmaTime (DebugCmd)
               calls direct
               CSTACK = 00000000 ( 00000024 )
    -------------------------------------------------------------------------
<CODE> 1 (was CODE)
  Relative segment, address: 755A - 76DD (0x184 bytes), align: 1
  Segment part 74.
           ENTRY                   ADDRESS         REF BY
           =====                   =======         ======
           SetCdmaTimeToRtc        755A            SetRtcTime (DebugCmd)
               calls direct
               CSTACK = 00000000 ( 0000002C )
    -------------------------------------------------------------------------
<CODE> 1 (was CODE)
  Relative segment, address: A968 - A9FD (0x96 bytes), align: 1
  Segment part 68.            Intra module refs:   CdmaInit
           ENTRY                   ADDRESS         REF BY
           =====                   =======         ======
           CdmaCmdInit             A968 
               calls direct
               CSTACK = 00000000 ( 00000004 )
    -------------------------------------------------------------------------
<CODE> 1 (was CODE)
  Relative segment, address: 67C8 - 6995 (0x1ce bytes), align: 1
  Segment part 65.            Intra module refs:   CdmaCmdRun
           ENTRY                   ADDRESS         REF BY
           =====                   =======         ======
           CdmaCmdAssemble         67C8 
               calls direct
               CSTACK = 00000000 ( 00000004 )
    -------------------------------------------------------------------------
<CODE> 1 (was CODE)
  Relative segment, address: 9416 - 9513 (0xfe bytes), align: 1
  Segment part 61.            Intra module refs:   CdmaCmdHandler
           ENTRY                   ADDRESS         REF BY
           =====                   =======         ======
           RegisteUnReadMsg        9416 
               calls direct
               CSTACK = 00000000 ( 00000014 )
    -------------------------------------------------------------------------
<CODE> 1 (was CODE)
  Relative segment, address: C6E4 - C70F (0x2c bytes), align: 1
  Segment part 56.            Intra module refs:   SendReadMsgCmd
           ENTRY                   ADDRESS         REF BY
           =====                   =======         ======
           GetUnReadMsg            C6E4 
               CSTACK = 00000000 ( 00000004 )
    -------------------------------------------------------------------------
<CODE> 1 (was CODE)
  Relative segment, address: AC56 - ACE7 (0x92 bytes), align: 1
  Segment part 63.            Intra module refs:   CdmaCmdHandler
           ENTRY                   ADDRESS         REF BY
           =====                   =======         ======
           GetCdmaCsqValue         AC56 
               calls direct
               CSTACK = 00000000 ( 00000024 )
    -------------------------------------------------------------------------
<CODE> 1 (was CODE)
  Relative segment, address: A14C - A20F (0xc4 bytes), align: 1
  Segment part 57.            Intra module refs:   CdmaCmdRun
           ENTRY                   ADDRESS         REF BY
           =====                   =======         ======
           SendReadMsgCmd          A14C 
               calls direct
               CSTACK = 00000000 ( 00000024 )
    -------------------------------------------------------------------------
DATA20_Z
  Relative segment, address: 1F11 - 1F18 (0x8 bytes), align: 0
  Segment part 54.            Intra module refs:   CmdCmglParse
           ENTRY                   ADDRESS         REF BY
           =====                   =======         ======
           au8CmglIndex            1F11 
    -------------------------------------------------------------------------
<CODE> 1 (was CODE)
  Relative segment, address: A8D0 - A967 (0x98 bytes), align: 1
  Segment part 58.            Intra module refs:   CdmaCmdHandler
           ENTRY                   ADDRESS         REF BY
           =====                   =======         ======
           CmdCmglParse            A8D0 
               CSTACK = 00000000 ( 00000008 )
    -------------------------------------------------------------------------
<CODE> 1 (was CODE)
  Relative segment, address: 73D0 - 7559 (0x18a bytes), align: 1
  Segment part 60.            Intra module refs:   CdmaCmdHandler
           ENTRY                   ADDRESS         REF BY
           =====                   =======         ======
           CdmaMsgParse            73D0 
               calls direct
               CSTACK = 00000000 ( 0000004C )
    -------------------------------------------------------------------------
<CODE> 1 (was CODE)
  Relative segment, address: 8182 - 82C3 (0x142 bytes), align: 1
  Segment part 64.            Intra module refs:   CdmaCmdRun
           ENTRY                   ADDRESS         REF BY
           =====                   =======         ======
           CdmaCmdHandler          8182 
               calls direct
               CSTACK = 00000000 ( 00000004 )
    -------------------------------------------------------------------------
<CODE> 1 (was CODE)
  Relative segment, address: 8B66 - 8C95 (0x130 bytes), align: 1
  Segment part 66.
           ENTRY                   ADDRESS         REF BY
           =====                   =======         ======
           CdmaCmdRun              8B66            main (main)
               calls direct
               CSTACK = 00000000 ( 00000004 )
    -------------------------------------------------------------------------
DATA20_ID
  Relative segment, address: E74C - E74C (0x1 bytes), align: 0
  Segment part 28.            Intra module refs:   s8CurrentIndex

    *************************************************************************

  FILE NAME : F:\work\01.Location\Location\Project\Project_5438_New\Debug\Obj\Communication.r43
  PROGRAM MODULE, NAME : Communication

  SEGMENTS IN THE MODULE
  ======================
DATA20_Z
  Relative segment, address: 1F19 - 1F39 (0x21 bytes), align: 0
  Segment part 9.             Intra module refs:   SendInfoToCenter
           ENTRY                   ADDRESS         REF BY
           =====                   =======         ======
           au8BdSendInfo           1F19            CmdParseTXXX (BeiDouModule)
                                                   GetBufBdInfo (BeiDouModule)
    -------------------------------------------------------------------------
DATA20_Z
  Relative segment, address: 1F3A - 1F5A (0x21 bytes), align: 0
  Segment part 10.
           ENTRY                   ADDRESS         REF BY
           =====                   =======         ======
           au8BdRxInfo             1F3A            CmdParseTXXX (BeiDouModule)
                                                   GetBufBdInfo (BeiDouModule)
    -------------------------------------------------------------------------
DATA20_Z
  Relative segment, address: 1C5A - 1C5B (0x2 bytes), align: 1
  Segment part 11.            Intra module refs:   CommunicationInit
                                                   SendInfoToCenter
           ENTRY                   ADDRESS         REF BY
           =====                   =======         ======
           u16BdSendNum            1C5A            CmdBeiDouClrSendSuccess (DebugCmd)
                                                   EnterLowPower (SystemCtl)
                                                   RecordInit (Record)
    -------------------------------------------------------------------------
DATA20_Z
  Relative segment, address: 1C5C - 1C5D (0x2 bytes), align: 1
  Segment part 12.
           ENTRY                   ADDRESS         REF BY
           =====                   =======         ======
           u16BdSendSucceed        1C5C            CmdBeiDouClrSendSuccess (DebugCmd)
                                                   CmdParseFKXX (BeiDouModule)
                                                   EnterLowPower (SystemCtl)
                                                   RecordInit (Record)
    -------------------------------------------------------------------------
DATA20_Z
  Relative segment, address: 1C5E - 1C5F (0x2 bytes), align: 1
  Segment part 13.            Intra module refs:   CommunicationInit
           ENTRY                   ADDRESS         REF BY
           =====                   =======         ======
           u16BdRxNum              1C5E            CmdBeiDouClrSendSuccess (DebugCmd)
                                                   CmdParseTXXX (BeiDouModule)
                                                   EnterLowPower (SystemCtl)
                                                   GetBufBdInfo (BeiDouModule)
                                                   RecordInit (Record)
    -------------------------------------------------------------------------
DATA20_Z
  Relative segment, address: 1F5B - 1F5B (0x1 bytes), align: 0
  Segment part 14.            Intra module refs:   CommunicationInit
           ENTRY                   ADDRESS         REF BY
           =====                   =======         ======
           u8BdCentage             1F5B            EnterLowPower (SystemCtl)
    -------------------------------------------------------------------------
DATA20_Z
  Relative segment, address: 1F5C - 1F96 (0x3b bytes), align: 0
  Segment part 15.            Intra module refs:   CommunicationInit
                                                   SendInfoToCenter
           ENTRY                   ADDRESS         REF BY
           =====                   =======         ======
           sSendInfo               1F5C            AutoSystemGapTime (SystemCtl)
                                                   BatteryDetect (BatteryDetect)
                                                   BdModuleInit (BeiDouModule)
                                                   CalibratLocation (GpsParse)
                                                   CdmaCmdHandler (CdmaModule)
                                                   CdmaCmdInit (CdmaModule)
                                                   CmdSetCdmaLocationNbr (DebugCmd)
                                                   EnterLowPower (SystemCtl)
                                                   PORT1_ISR (SystemCtl)
                                                   RecordInit (Record)
                                                   RecordRun (Record)
                                                   SystemIdleRun (SystemCtl)
                                                   UseAutoMode (DebugCmd)
                                                   UseBeiDouMode (DebugCmd)
                                                   UseCdmaMode (DebugCmd)
    -------------------------------------------------------------------------
DATA20_Z
  Relative segment, address: 1F97 - 1F97 (0x1 bytes), align: 0
  Segment part 16.            Intra module refs:   CommunicationInit
                                                   SendInfoToCenter
           ENTRY                   ADDRESS         REF BY
           =====                   =======         ======
           s8TestDog               1F97 
    -------------------------------------------------------------------------
<CODE> 1 (was CODE)
  Relative segment, address: A43C - A4ED (0xb2 bytes), align: 1
  Segment part 18.
           ENTRY                   ADDRESS         REF BY
           =====                   =======         ======
           CommunicationInit       A43C            main (main)
               calls direct
               CSTACK = 00000000 ( 00000004 )
    -------------------------------------------------------------------------
<CODE> 1 (was CODE)
  Relative segment, address: 5E22 - 61C9 (0x3a8 bytes), align: 1
  Segment part 17.
           ENTRY                   ADDRESS         REF BY
           =====                   =======         ======
           SendInfoToCenter        5E22            main (main)
               calls direct
               CSTACK = 00000000 ( 0000000C )
    -------------------------------------------------------------------------
DATA20_C
  Relative segment, address: D243 - D252 (0x10 bytes), align: 0
  Segment part 3.             Intra module refs:   CommunicationInit
    -------------------------------------------------------------------------
DATA20_C
  Relative segment, address: D253 - D25C (0xa bytes), align: 0
  Segment part 4.             Intra module refs:   CommunicationInit
    -------------------------------------------------------------------------
DATA20_C
  Relative segment, address: D25D - D272 (0x16 bytes), align: 0
  Segment part 5.             Intra module refs:   SendInfoToCenter
    -------------------------------------------------------------------------
DATA20_C
  Relative segment, address: D273 - D28C (0x1a bytes), align: 0
  Segment part 6.             Intra module refs:   SendInfoToCenter
    -------------------------------------------------------------------------
DATA20_C
  Relative segment, address: D28D - D297 (0xb bytes), align: 0
  Segment part 7.             Intra module refs:   SendInfoToCenter
    -------------------------------------------------------------------------
DATA20_C
  Relative segment, address: D298 - D2AA (0x13 bytes), align: 0
  Segment part 8.             Intra module refs:   SendInfoToCenter

    *************************************************************************

  FILE NAME : F:\work\01.Location\Location\Project\Project_5438_New\Debug\Obj\DebugCmd.r43
  PROGRAM MODULE, NAME : DebugCmd

  SEGMENTS IN THE MODULE
  ======================
DATA20_C
  Relative segment, address: D2AB - D2EC (0x42 bytes), align: 0
  Segment part 3.             Intra module refs:   CdmaDeletMsg
                                                   CmdBeiDouBckRecNumGet
                                                   CmdBeiDouBckRecNumSet
                                                   CmdBeiDouClrSendSuccess
                                                   CmdBeiDouGetSendSuccess
                                                   CmdBeiDouLocNumGet
                                                   CmdBeiDouRecNumGet
                                                   CmdBeiDouRecNumSet
                                                   CmdCdmaDebugClose
                                                   CmdCdmaDebugOpen
                                                   CmdCdmaInfoTest
                                                   CmdGetCdmaCSQ
                                                   CmdGetCdmaLocationNbr
                                                   CmdGetCdmaReceivingNbr
                                                   CmdGetCdmaTime
                                                   CmdGpsDebugClose
                                                   CmdGpsDebugOpen
                                                   CmdSetCdmaLocationNbr
                                                   CmdSetCdmaReceivingNbr
                                                   GetBatteryRemainPower
                                                   GetRtcTime
                                                   GetSendInfoGapTime
                                                   GetSystemType
                                                   GetSystemVersionInfo
                                                   PrintfCmdList
                                                   SetRtcTime
                                                   SetSendInfoGapTime
                                                   SetSystemType
                                                   SystemRunTimeClear
                                                   SystemRunTimeGet
                                                   UartHandShake
    -------------------------------------------------------------------------
DATA20_C
  Relative segment, address: D2ED - D31E (0x32 bytes), align: 0
  Segment part 4.             Intra module refs:   GetSystemVersionInfo
                                                   PrintfCmdList
    -------------------------------------------------------------------------
DATA20_C
  Relative segment, address: D31F - D337 (0x19 bytes), align: 0
  Segment part 5.             Intra module refs:   GetSystemVersionInfo
                                                   PrintfCmdList
    -------------------------------------------------------------------------
DATA20_C
  Relative segment, address: D338 - D33C (0x5 bytes), align: 0
  Segment part 6.             Intra module refs:   PrintfCmdList
    -------------------------------------------------------------------------
DATA20_C
  Relative segment, address: D33D - D35D (0x21 bytes), align: 0
  Segment part 7.             Intra module refs:   PrintfCmdList
    -------------------------------------------------------------------------
DATA20_C
  Relative segment, address: D35E - D363 (0x6 bytes), align: 0
  Segment part 8.             Intra module refs:   PrintfCmdList
    -------------------------------------------------------------------------
DATA20_C
  Relative segment, address: D364 - D3A5 (0x42 bytes), align: 0
  Segment part 9.             Intra module refs:   PrintfCmdList
    -------------------------------------------------------------------------
DATA20_C
  Relative segment, address: D3A6 - D3CB (0x26 bytes), align: 0
  Segment part 10.            Intra module refs:   PrintfCmdList
    -------------------------------------------------------------------------
DATA20_C
  Relative segment, address: D3CC - D3F1 (0x26 bytes), align: 0
  Segment part 11.            Intra module refs:   PrintfCmdList
    -------------------------------------------------------------------------
DATA20_C
  Relative segment, address: D3F2 - D417 (0x26 bytes), align: 0
  Segment part 12.            Intra module refs:   PrintfCmdList
    -------------------------------------------------------------------------
DATA20_C
  Relative segment, address: D418 - D43D (0x26 bytes), align: 0
  Segment part 13.            Intra module refs:   PrintfCmdList
    -------------------------------------------------------------------------
DATA20_C
  Relative segment, address: D43E - D463 (0x26 bytes), align: 0
  Segment part 14.            Intra module refs:   PrintfCmdList
    -------------------------------------------------------------------------
DATA20_C
  Relative segment, address: D464 - D489 (0x26 bytes), align: 0
  Segment part 15.            Intra module refs:   PrintfCmdList
    -------------------------------------------------------------------------
DATA20_C
  Relative segment, address: D48A - D4AF (0x26 bytes), align: 0
  Segment part 16.            Intra module refs:   PrintfCmdList
    -------------------------------------------------------------------------
DATA20_C
  Relative segment, address: D4B0 - D4D5 (0x26 bytes), align: 0
  Segment part 17.            Intra module refs:   PrintfCmdList
    -------------------------------------------------------------------------
DATA20_C
  Relative segment, address: D4D6 - D4FB (0x26 bytes), align: 0
  Segment part 18.            Intra module refs:   PrintfCmdList
    -------------------------------------------------------------------------
DATA20_C
  Relative segment, address: D4FC - D521 (0x26 bytes), align: 0
  Segment part 19.            Intra module refs:   PrintfCmdList
    -------------------------------------------------------------------------
DATA20_C
  Relative segment, address: D522 - D547 (0x26 bytes), align: 0
  Segment part 20.            Intra module refs:   PrintfCmdList
    -------------------------------------------------------------------------
DATA20_C
  Relative segment, address: D548 - D56D (0x26 bytes), align: 0
  Segment part 21.            Intra module refs:   PrintfCmdList
    -------------------------------------------------------------------------
DATA20_C
  Relative segment, address: D56E - D593 (0x26 bytes), align: 0
  Segment part 22.            Intra module refs:   PrintfCmdList
    -------------------------------------------------------------------------
DATA20_C
  Relative segment, address: D594 - D5B9 (0x26 bytes), align: 0
  Segment part 23.            Intra module refs:   PrintfCmdList
    -------------------------------------------------------------------------
DATA20_C
  Relative segment, address: D5BA - D5DF (0x26 bytes), align: 0
  Segment part 24.            Intra module refs:   PrintfCmdList
    -------------------------------------------------------------------------
DATA20_C
  Relative segment, address: D5E0 - D605 (0x26 bytes), align: 0
  Segment part 25.            Intra module refs:   PrintfCmdList
    -------------------------------------------------------------------------
DATA20_C
  Relative segment, address: D606 - D62B (0x26 bytes), align: 0
  Segment part 26.            Intra module refs:   PrintfCmdList
    -------------------------------------------------------------------------
DATA20_C
  Relative segment, address: D62C - D651 (0x26 bytes), align: 0
  Segment part 27.            Intra module refs:   PrintfCmdList
    -------------------------------------------------------------------------
DATA20_C
  Relative segment, address: D652 - D677 (0x26 bytes), align: 0
  Segment part 28.            Intra module refs:   PrintfCmdList
    -------------------------------------------------------------------------
DATA20_C
  Relative segment, address: D678 - D69D (0x26 bytes), align: 0
  Segment part 29.            Intra module refs:   PrintfCmdList
    -------------------------------------------------------------------------
DATA20_C
  Relative segment, address: D69E - D6C3 (0x26 bytes), align: 0
  Segment part 30.            Intra module refs:   PrintfCmdList
    -------------------------------------------------------------------------
DATA20_C
  Relative segment, address: D6C4 - D6E9 (0x26 bytes), align: 0
  Segment part 31.            Intra module refs:   PrintfCmdList
    -------------------------------------------------------------------------
DATA20_C
  Relative segment, address: D6EA - D713 (0x2a bytes), align: 0
  Segment part 32.            Intra module refs:   PrintfCmdList
    -------------------------------------------------------------------------
DATA20_C
  Relative segment, address: D714 - D73D (0x2a bytes), align: 0
  Segment part 33.            Intra module refs:   PrintfCmdList
    -------------------------------------------------------------------------
DATA20_C
  Relative segment, address: D73E - D763 (0x26 bytes), align: 0
  Segment part 34.            Intra module refs:   PrintfCmdList
    -------------------------------------------------------------------------
DATA20_C
  Relative segment, address: D764 - D789 (0x26 bytes), align: 0
  Segment part 35.            Intra module refs:   PrintfCmdList
    -------------------------------------------------------------------------
DATA20_C
  Relative segment, address: D78A - D7B1 (0x28 bytes), align: 0
  Segment part 36.            Intra module refs:   PrintfCmdList
    -------------------------------------------------------------------------
DATA20_C
  Relative segment, address: D7B2 - D7D9 (0x28 bytes), align: 0
  Segment part 37.            Intra module refs:   PrintfCmdList
    -------------------------------------------------------------------------
DATA20_C
  Relative segment, address: D7DA - D7FF (0x26 bytes), align: 0
  Segment part 38.            Intra module refs:   PrintfCmdList
    -------------------------------------------------------------------------
DATA20_C
  Relative segment, address: D800 - D825 (0x26 bytes), align: 0
  Segment part 39.            Intra module refs:   PrintfCmdList
    -------------------------------------------------------------------------
DATA20_C
  Relative segment, address: D826 - D84B (0x26 bytes), align: 0
  Segment part 40.            Intra module refs:   PrintfCmdList
    -------------------------------------------------------------------------
DATA20_C
  Relative segment, address: D84C - D871 (0x26 bytes), align: 0
  Segment part 41.            Intra module refs:   PrintfCmdList
    -------------------------------------------------------------------------
DATA20_C
  Relative segment, address: D872 - D897 (0x26 bytes), align: 0
  Segment part 42.            Intra module refs:   PrintfCmdList
    -------------------------------------------------------------------------
DATA20_C
  Relative segment, address: D898 - D8BD (0x26 bytes), align: 0
  Segment part 43.            Intra module refs:   PrintfCmdList
    -------------------------------------------------------------------------
DATA20_C
  Relative segment, address: D8BE - D8E3 (0x26 bytes), align: 0
  Segment part 44.            Intra module refs:   PrintfCmdList
    -------------------------------------------------------------------------
DATA20_C
  Relative segment, address: D8E4 - D90D (0x2a bytes), align: 0
  Segment part 45.            Intra module refs:   PrintfCmdList
    -------------------------------------------------------------------------
DATA20_C
  Relative segment, address: D90E - D937 (0x2a bytes), align: 0
  Segment part 46.            Intra module refs:   PrintfCmdList
    -------------------------------------------------------------------------
DATA20_C
  Relative segment, address: D938 - D95D (0x26 bytes), align: 0
  Segment part 47.            Intra module refs:   PrintfCmdList
    -------------------------------------------------------------------------
DATA20_C
  Relative segment, address: D95E - D983 (0x26 bytes), align: 0
  Segment part 48.            Intra module refs:   PrintfCmdList
    -------------------------------------------------------------------------
DATA20_C
  Relative segment, address: D984 - D9A8 (0x25 bytes), align: 0
  Segment part 49.            Intra module refs:   PrintfCmdList
    -------------------------------------------------------------------------
DATA20_C
  Relative segment, address: D9A9 - D9CD (0x25 bytes), align: 0
  Segment part 50.            Intra module refs:   PrintfCmdList
    -------------------------------------------------------------------------
DATA20_C
  Relative segment, address: D9CE - DA11 (0x44 bytes), align: 0
  Segment part 51.            Intra module refs:   CdmaDeletMsg
                                                   CmdBeiDouBckRecNumGet
                                                   CmdBeiDouBckRecNumSet
                                                   CmdBeiDouClrSendSuccess
                                                   CmdBeiDouGetSendSuccess
                                                   CmdBeiDouLocNumGet
                                                   CmdBeiDouRecNumGet
                                                   CmdBeiDouRecNumSet
                                                   CmdCdmaDebugClose
                                                   CmdCdmaDebugOpen
                                                   CmdCdmaInfoTest
[...]
                                                   NmeaPackType (GpsParse)
                                                   SetSystemType (DebugCmd)
               CSTACK = 00000000 ( 00000008 )

    -------------------------------------------------------------------------
  LIBRARY MODULE, NAME : ?memcpy

  SEGMENTS IN THE MODULE
  ======================
<CODE> 1 (was CODE)
  Relative segment, address: CA52 - CA6F (0x1e bytes), align: 1
  Segment part 2.
           ENTRY                   ADDRESS         REF BY
           =====                   =======         ======
           memcpy                  CA52            AssembleCdmaMsg (CdmaModule)
                                                   BdCmdRun (BeiDouModule)
                                                   BdSendCmdICJC (BeiDouModule)
                                                   BdSendCmdTXSQ (BeiDouModule)
                                                   CalibratLocation (GpsParse)
                                                   CalibratRtc (GpsParse)
                                                   CmdBeiDouSendMsg (DebugCmd)
                                                   CmdParseFKXX (BeiDouModule)
                                                   CmdParseTXXX (BeiDouModule)
                                                   CmdSetCdmaLocationNbr (DebugCmd)
                                                   CmdSetCdmaReceivingNbr (DebugCmd)
                                                   DeletCdmaMsg (CdmaModule)
                                                   GetBeiDouIcNum (BeiDouModule)
                                                   GetBufBdInfo (BeiDouModule)
                                                   GetCdmaCsqValue (CdmaModule)
                                                   GetCdmaTime (CdmaModule)
                                                   GetLocationNbr (CdmaModule)
                                                   GetSendInfoGapTime (DebugCmd)
                                                   GetSystemVersionInfo (DebugCmd)
                                                   GpsInfoProcess (GpsParse)
                                                   RegisteUnReadMsg (CdmaModule)
                                                   SendInfoToCenter (Communication)
                                                   SendReadMsgCmd (CdmaModule)
                                                   SetLocationNbr (CdmaModule)
                                                   Uart1GetRxData (Uart1)
                                                   Uart2GetRxData (Uart2)
                                                   Uart3GetRxData (Uart3)
                                                   __data20_memcpy (?memzero)
               CSTACK = 00000000 ( 0000000C )

    -------------------------------------------------------------------------
  LIBRARY MODULE, NAME : ?memset

  SEGMENTS IN THE MODULE
  ======================
<CODE> 1 (was CODE)
  Relative segment, address: CA70 - CA8D (0x1e bytes), align: 1
  Segment part 2.
           ENTRY                   ADDRESS         REF BY
           =====                   =======         ======
           memset                  CA70            CdmaCmdInit (CdmaModule)
                                                   CdmaCmdRun (CdmaModule)
                                                   CmdBeiDouBckRecNumGet (DebugCmd)
                                                   CmdBeiDouBckRecNumSet (DebugCmd)
                                                   CmdBeiDouLocNumGet (DebugCmd)
                                                   CmdBeiDouRecNumGet (DebugCmd)
                                                   CmdBeiDouRecNumSet (DebugCmd)
                                                   CmdBeiDouSendMsg (DebugCmd)
                                                   CmdHandlerInit (DebugCmd)
                                                   CmdParseTXXX (BeiDouModule)
                                                   CommunicationInit (Communication)
                                                   CreatCmdIndex (GpsParse)
                                                   DeletCdmaMsg (CdmaModule)
                                                   GetBufBdInfo (BeiDouModule)
                                                   GetSystemVersionInfo (DebugCmd)
                                                   GpsCmdRun (GpsParse)
                                                   OS_MemInit (OS_MEM)
                                                   RecordInit (Record)
                                                   SendInfoToCenter (Communication)
                                                   SendReadMsgCmd (CdmaModule)
                                                   SetSystemType (DebugCmd)
                                                   SystemRunTimeGet (DebugCmd)
               CSTACK = 00000000 ( 0000000C )

    -------------------------------------------------------------------------
  LIBRARY MODULE, NAME : ?memzero

  SEGMENTS IN THE MODULE
  ======================
<CODE> 1 (was CODE)
  Relative segment, address: CBBE - CBD5 (0x18 bytes), align: 1
  Segment part 4.
           ENTRY                   ADDRESS         REF BY
           =====                   =======         ======
           __data20_memzero        CBBE            ?cstart_init_zero20 (?cstart)
               CSTACK = 00000000 ( 00000004 )
    -------------------------------------------------------------------------
<CODE> 1 (was CODE)
  Relative segment, address: CF0C - CF0F (0x4 bytes), align: 1
  Segment part 3.
           ENTRY                   ADDRESS         REF BY
           =====                   =======         ======
           __data20_memcpy         CF0C            ?cstart_init_copy20 (?cstart)
               calls direct
               CSTACK = 00000000 ( 00000004 )

    -------------------------------------------------------------------------
  LIBRARY MODULE, NAME : ?sprintf

  SEGMENTS IN THE MODULE
  ======================
<CODE> 1 (was CODE)
  Relative segment, address: C2F0 - C327 (0x38 bytes), align: 1
  Segment part 2.
           ENTRY                   ADDRESS         REF BY
           =====                   =======         ======
           sprintf                 C2F0            CmdBeiDouGetSendSuccess (DebugCmd)
                                                   SystemRunTimeGet (DebugCmd)
               calls direct
               CSTACK = 00000000 ( 00000010 )

    -------------------------------------------------------------------------
  LIBRARY MODULE, NAME : ?strlen

  SEGMENTS IN THE MODULE
  ======================
<CODE> 1 (was CODE)
  Relative segment, address: C99C - C9BB (0x20 bytes), align: 1
  Segment part 2.
           ENTRY                   ADDRESS         REF BY
           =====                   =======         ======
           strlen                  C99C            _PrintfTiny (?xprintftiny)
               CSTACK = 00000000 ( 00000004 )

    -------------------------------------------------------------------------
  LIBRARY MODULE, NAME : ?xdscale

  SEGMENTS IN THE MODULE
  ======================
<CODE> 1 (was CODE)
  Relative segment, address: AB2A - ABBF (0x96 bytes), align: 1
  Segment part 2.
           ENTRY                   ADDRESS         REF BY
           =====                   =======         ======
           __iar_Dscale            AB2A            __iar_Dtentox (?xdtento)
                                                   dmul (?xdtento)
               CSTACK = 00000000 ( 00000014 )

    -------------------------------------------------------------------------
  LIBRARY MODULE, NAME : ?xdtento

  SEGMENTS IN THE MODULE
  ======================
<CODE> 1 (was CODE)
  Relative segment, address: BD04 - BD51 (0x4e bytes), align: 1
  Segment part 3.             Intra module refs:   __iar_Dtentox
                                                   dmul
           ENTRY                   ADDRESS         REF BY
           =====                   =======         ======
           __iar_Dunscale          BD04 
               CSTACK = 00000000 ( 00000008 )
    -------------------------------------------------------------------------
DATA20_C
  Relative segment, address: CF14 - CF2B (0x18 bytes), align: 1
  Segment part 2.             Intra module refs:   Segment part 7
    -------------------------------------------------------------------------
<CODE> 1 (was CODE)
  Relative segment, address: C002 - C03F (0x3e bytes), align: 1
  Segment part 4.             Intra module refs:   Segment part 6
           LOCAL                   ADDRESS         
           =====                   =======         
           dmul                    C002 
               calls direct
               CSTACK = 00000000 ( 00000012 )
    -------------------------------------------------------------------------
<CODE> 1 (was CODE)
  Relative segment, address: 79B8 - 7B17 (0x160 bytes), align: 1
  Segment part 5.
           ENTRY                   ADDRESS         REF BY
           =====                   =======         ======
           __iar_Dtentox           79B8            __iar_Stodx (?xstod)
               calls direct
               CSTACK = 00000000 ( 00000026 )
    -------------------------------------------------------------------------
<CODE> 1 (was CODE)
  Relative segment, address: CE3C - CE49 (0xe bytes), align: 1
  Segment part 6.             Intra module refs:   __iar_Dtentox
    -------------------------------------------------------------------------
<CODE> 1 (was CODE)
  Relative segment, address: CB3A - CB55 (0x1c bytes), align: 1
  Segment part 7.             Intra module refs:   __iar_Dtentox

    -------------------------------------------------------------------------
  LIBRARY MODULE, NAME : ?xprintftiny

  SEGMENTS IN THE MODULE
  ======================
<CODE> 1 (was CODE)
  Relative segment, address: 6EE0 - 7091 (0x1b2 bytes), align: 1
  Segment part 4.
           ENTRY                   ADDRESS         REF BY
           =====                   =======         ======
           _PrintfTiny             6EE0            sprintf (?sprintf)
               calls direct and indirect
               CSTACK = 00000000 ( 00000038 )
    -------------------------------------------------------------------------
<CODE> 1 (was CODE)
  Relative segment, address: CEE8 - CEEF (0x8 bytes), align: 1
  Segment part 5.             Intra module refs:   _PrintfTiny
    -------------------------------------------------------------------------
<CODE> 1 (was CODE)
  Relative segment, address: CD7C - CD8B (0x10 bytes), align: 1
  Segment part 6.             Intra module refs:   _PrintfTiny

    -------------------------------------------------------------------------
  LIBRARY MODULE, NAME : ?xsprout

  SEGMENTS IN THE MODULE
  ======================
<CODE> 1 (was CODE)
  Relative segment, address: CE66 - CE73 (0xe bytes), align: 1
  Segment part 2.
           ENTRY                   ADDRESS         REF BY
           =====                   =======         ======
           _SProut                 CE66            sprintf (?sprintf)
               CSTACK = 00000000 ( 00000004 )

    -------------------------------------------------------------------------
  LIBRARY MODULE, NAME : ?xstod

  SEGMENTS IN THE MODULE
  ======================
<CODE> 1 (was CODE)
  Relative segment, address: 9610 - 9707 (0xf8 bytes), align: 1
  Segment part 2.             Intra module refs:   __iar_Stod
           ENTRY                   ADDRESS         REF BY
           =====                   =======         ======
           __iar_Stodx             9610 
               calls direct
               CSTACK = 00000000 ( 00000034 )
    -------------------------------------------------------------------------
<CODE> 1 (was CODE)
  Relative segment, address: CE9A - CEA5 (0xc bytes), align: 1
  Segment part 3.
           ENTRY                   ADDRESS         REF BY
           =====                   =======         ======
           __iar_Stod              CE9A            atof (GpsParse)
               calls direct
               CSTACK = 00000000 ( 00000008 )

    -------------------------------------------------------------------------
  LIBRARY MODULE, NAME : ?xstoflt

  SEGMENTS IN THE MODULE
  ======================
<CODE> 1 (was CODE)
  Relative segment, address: 61CA - 63EB (0x222 bytes), align: 1
  Segment part 2.
           ENTRY                   ADDRESS         REF BY
           =====                   =======         ======
           _Stoflt                 61CA            __iar_Stodx (?xstod)
               CSTACK = 00000000 ( 0000005E )
    -------------------------------------------------------------------------
<CODE> 1 (was CODE)
  Relative segment, address: CE4A - CE57 (0xe bytes), align: 1
  Segment part 3.             Intra module refs:   _Stoflt
    -------------------------------------------------------------------------
<CODE> 1 (was CODE)
  Relative segment, address: CEC6 - CECF (0xa bytes), align: 1
  Segment part 4.             Intra module refs:   _Stoflt
    -------------------------------------------------------------------------
<CODE> 1 (was CODE)
  Relative segment, address: CD6C - CD7B (0x10 bytes), align: 1
  Segment part 5.             Intra module refs:   _Stoflt
    -------------------------------------------------------------------------
<CODE> 1 (was CODE)
  Relative segment, address: CEBC - CEC5 (0xa bytes), align: 1
  Segment part 6.             Intra module refs:   _Stoflt
    -------------------------------------------------------------------------
<CODE> 1 (was CODE)
  Relative segment, address: CE58 - CE65 (0xe bytes), align: 1
  Segment part 7.             Intra module refs:   _Stoflt

    -------------------------------------------------------------------------
  LIBRARY MODULE, NAME : ?xstopfx

  SEGMENTS IN THE MODULE
  ======================
<CODE> 1 (was CODE)
  Relative segment, address: C7B8 - C7E1 (0x2a bytes), align: 1
  Segment part 2.             Intra module refs:   _Stopfx
           ENTRY                   ADDRESS         REF BY
           =====                   =======         ======
           isalnum                 C7B8 
               CSTACK = 00000000 ( 00000004 )
    -------------------------------------------------------------------------
<CODE> 1 (was CODE)
  Relative segment, address: 9514 - 960F (0xfc bytes), align: 1
  Segment part 3.
           ENTRY                   ADDRESS         REF BY
           =====                   =======         ======
           _Stopfx                 9514            __iar_Stodx (?xstod)
               calls direct
               CSTACK = 00000000 ( 0000001C )

    -------------------------------------------------------------------------
  LIBRARY MODULE, NAME : ?__exit

  SEGMENTS IN THE MODULE
  ======================
<CODE> 1 (was CODE)
  Relative segment, address: CF10 - CF13 (0x4 bytes), align: 1
  Segment part 2.
           ENTRY                   ADDRESS         REF BY
           =====                   =======         ======
           __exit                  CF10            Segment part 5 (?_exit)
                                                   _exit (?_exit)




                ****************************************
                *                                      *
                *      SEGMENTS IN ADDRESS ORDER       *
                *                                      *
                ****************************************


SEGMENT              SPACE    START ADDRESS   END ADDRESS     SIZE  TYPE  ALIGN
=======              =====    =============   ===========     ====  ====  =====
DATA16_AN                              0102 - 0103               2   rel    0
                                       015C - 015D               2 
                                       0160 - 0165               6 
                                       0168 - 0169               2 
                                       016C - 016F               4 
                                       0202 - 0205               4 
                                       0218 - 021D               6 
                                       0222 - 0225               4 
                                       022A - 022B               2 
                                       0242 - 0245               4 
                                       024A - 024B               2 
                                       0260 - 0265               6 
                                       026A - 026B               2 
                                       0282 - 0285               4 
                                       028A - 028B               2 
                                       02A2 - 02A5               4 
                                       02A8 - 02AB               4 
                                       0340 - 0343               4 
                                       0352 - 0353               2 
                                       05C0 - 05C1               2 
                                       05C6 - 05C8               3 
                                       05CC - 05CC               1 
                                       05CE - 05CE               1 
                                       05DC - 05DD               2 
                                       0600 - 0601               2 
                                       0606 - 0608               3 
                                       060C - 060C               1 
                                       060E - 060E               1 
                                       061C - 061D               2 
                                       0640 - 0641               2 
                                       0646 - 0648               3 
                                       064C - 064C               1 
                                       064E - 064E               1 
                                       065C - 065D               2 
                                       0680 - 0681               2 
                                       0686 - 0688               3 
                                       068C - 068C               1 
                                       068E - 068E               1 
                                       069C - 069D               2 
                                       0700 - 0703               4 
                                       070C - 070D               2 
                                       0710 - 0710               1 
                                       0720 - 0721               2 
DATA20_I                               1C00 - 1C1C              1D   rel    1
DATA20_Z                               1C1E - 207D             460   rel    1
DATA20_N                               207E - 487D            2800   rel    0
CSTACK                                 59A8 - 5BFF             258   rel    1
CSTART                                 5C00 - 5C2F              30   rel    1
ISR_CODE                               5C30 - 5E21             1F2   rel    1
<CODE> 1                               5E22 - CF13            70F2   rel    1
DATA20_C                               CF14 - E72F            181C   rel    1
DATA20_ID                              E730 - E74C              1D   rel    1
INTVEC                                 FF80 - FFF3              74   com    1
RESET                                  FFFE - FFFF               2   rel    1

                ****************************************
                *                                      *
                *        END OF CROSS REFERENCE        *
                *                                      *
                ****************************************

 29 578 bytes of CODE  memory
 11 989 bytes of DATA  memory (+ 111 absolute )
  6 201 bytes of CONST memory

Errors: none
Warnings: none

